[jackmcdade.com/index.html]
[backblue.gif]
[fade.gif]
[index.html]
[jackmcdade.com/build/assets/site-826739c2.css]
[jackmcdade.com/build/assets/site-4ed993c7.js]
[use.typekit.net/vja6aok.css]
[jackmcdade.com/articles/rss.xml]
[cdn.jsdelivr.net/gh/alpinejs/alpine@v2.x.x/dist/alpine.min.js]
[jackmcdade.com/interviews.html]
[jackmcdade.com/articles.html]
[jackmcdade.com/design.html]
[jackmcdade.com/connect.html]
[jackmcdade.com/img/jack-on-blue.jpg]
[jackmcdade.com/img/jungle-scene.png]
[jackmcdade.com/dennys.html]
[jackmcdade.com/chee-chee-chee-chee-chah.html]
[jackmcdade.com/coffee-replacement.html]
[jackmcdade.com/img/my-family.jpg]
[jackmcdade.com/img/cool-runnings.jpg]
[jackmcdade.com/img/ted-lasso.jpg]
[jackmcdade.com/audio/pop.mp3]
[jackmcdade.com/audio/pop2.mp3]
[jackmcdade.com/audio/pop3.mp3]
[jackmcdade.com/audio/pop4.mp3]
[jackmcdade.com/audio/pop5.mp3]
[jackmcdade.com/audio/ouch1.mp3]
[jackmcdade.com/audio/ouch2.mp3]
[jackmcdade.com/audio/ouch3.mp3]
[jackmcdade.com/audio/ouch4.mp3]
[jackmcdade.com/audio/ouch5.mp3]
[jackmcdade.com/audio/ouch6.mp3]
[jackmcdade.com/audio/ouch7.mp3]
[jackmcdade.com/index.html]
[cdn.usefathom.com/script.js]
[jackmcdade.com/build/assets/teal-grid-3a32f60d.png]
[jackmcdade.com/build/assets/frame-4c5539cd.svg]
[jackmcdade.com/build/assets/site-826739c2.css]
[jackmcdade.com/build/assets/footer-blob-defd408b.svg]
[use.typekit.net/af/12856b/00000000000000003b9ada86/27/le196]
[use.typekit.net/af/12856b/00000000000000003b9ada86/27/de196]
[use.typekit.net/af/8da21b/00000000000000003b9b3266/27/le196]
[use.typekit.net/af/12856b/00000000000000003b9ada86/27/ae196]
[use.typekit.net/af/8da21b/00000000000000003b9b3266/27/de196]
[use.typekit.net/af/8da21b/00000000000000003b9b3266/27/ae196]
[use.typekit.net/af/3875c6/00000000000000003b9b3267/27/lfdcc]
[use.typekit.net/af/3875c6/00000000000000003b9b3267/27/dfdcc]
[use.typekit.net/af/f2ebca/00000000000000003b9b326a/27/l652f]
[use.typekit.net/af/3875c6/00000000000000003b9b3267/27/afdcc]
[use.typekit.net/af/f2ebca/00000000000000003b9b326a/27/d652f]
[use.typekit.net/af/883ea0/00000000000000003b9b326b/27/le265]
[use.typekit.net/af/f2ebca/00000000000000003b9b326a/27/a652f]
[use.typekit.net/af/883ea0/00000000000000003b9b326b/27/de265]
[use.typekit.net/vja6aok.css]
[use.typekit.net/af/883ea0/00000000000000003b9b326b/27/ae265]
[jackmcdade.com/img/jack-on-aqua.jpg]
[jackmcdade.com/interviews.html]
[jackmcdade.com/img/jack-on-yellow.jpg]
[jackmcdade.com/img/splat-right.png]
[jackmcdade.com/my-900.html]
[jackmcdade.com/take-longer-videos.html]
[jackmcdade.com/struggle-bus.html]
[jackmcdade.com/those-florida-gators.html]
[jackmcdade.com/ux-fail.html]
[jackmcdade.com/_2020-08-29.html]
[jackmcdade.com/writing-struggles.html]
[jackmcdade.com/weird.html]
[jackmcdade.com/doing-it-anyway.html]
[jackmcdade.com/cliches.html]
[jackmcdade.com/the-gentle-sadness-of-things.html]
[jackmcdade.com/what-are-you-working-for.html]
[jackmcdade.com/why-i-play-video-games.html]
[jackmcdade.com/articles.html]
[jackmcdade.com/statamic.html]
[jackmcdade.com/img/portfolio/statamic.jpg]
[jackmcdade.com/img/portfolio/laracon.jpg]
[jackmcdade.com/img/portfolio/justin-jackson.jpg]
[jackmcdade.com/img/portfolio/radical-design.jpg]
[jackmcdade.com/img/portfolio/dungeon-master-academy.jpg]
[jackmcdade.com/img/portfolio/drivers-edge.jpg]
[jackmcdade.com/img/walking-intermission.gif]
[jackmcdade.com/design.html]
[jackmcdade.com/img/jack-on-red.jpg]
[jackmcdade.com/connect.html]
[jackmcdade.com/img/content/dennys.webp]
[jackmcdade.com/dennys.html]
[jackmcdade.com/img/content/nuthatch.jpg]
[jackmcdade.com/chee-chee-chee-chee-chah.html]
[jackmcdade.com/img/dandelions.png]
[jackmcdade.com/img/hazelnut-tea.jpg]
[jackmcdade.com/coffee-replacement.html]
[jackmcdade.com/build/assets/frame-4c5539cd.svg]
[jackmcdade.com/build/assets/footer-blob-defd408b.svg]
[p.typekit.net/pb6ea.css]
[jackmcdade.com/assets/tony-hawks-900-face.jpg]
[jackmcdade.com/my-900.html]
[jackmcdade.com/take-longer-videos.html]
[jackmcdade.com/struggle-bus.html]
[jackmcdade.com/img/content/t-rex.png]
[jackmcdade.com/img/content/sandwich.png]
[jackmcdade.com/those-florida-gators.html]
[jackmcdade.com/img/content/gator.svg]
[jackmcdade.com/img/content/john-wick.gif]
[jackmcdade.com/ux-fail.html]
[jackmcdade.com/_2020-08-29.html]
[static.codepen.io/assets/embed/ei.js]
[jackmcdade.com/img/kool-aid-man.gif]
[jackmcdade.com/writing-struggles.html]
[jackmcdade.com/img/content/campus.jpg]
[jackmcdade.com/weird.html]
[jackmcdade.com/img/content/doing-it-anyway-cover.png]
[jackmcdade.com/stuff/doing-it-anyway-episode-101.mp3]
[jackmcdade.com/email/img/bb-8-pong.jpg]
[jackmcdade.com/stuff/bb-8-pong.zip]
[jackmcdade.com/doing-it-anyway.html]
[jackmcdade.com/email/img/cliches-2.png]
[jackmcdade.com/cliches.html]
[jackmcdade.com/the-gentle-sadness-of-things.html]
[jackmcdade.com/what-are-you-working-for.html]
[jackmcdade.com/why-i-play-video-games.html]
[jackmcdade.com/statamic.html]
[jackmcdade.com/img/content/gator.svg]
[jackmcdade.com/email/bootstrap/index.html]
[jackmcdade.com/email/bootstrap/css/bootstrap.min.css]
[jackmcdade.com/email/bootstrap/font-awesome/css/font-awesome.min.css]
[jackmcdade.com/email/bootstrap/css/animate.min.css]
[jackmcdade.com/email/bootstrap/css/creative.css]
[jackmcdade.com/email/bootstrap/img/portfolio/1.jpg]
[jackmcdade.com/email/bootstrap/img/portfolio/2.jpg]
[jackmcdade.com/email/bootstrap/img/portfolio/3.jpg]
[jackmcdade.com/email/bootstrap/img/portfolio/4.jpg]
[jackmcdade.com/email/bootstrap/js/jquery.js]
[jackmcdade.com/email/bootstrap/js/bootstrap.min.js]
[jackmcdade.com/email/bootstrap/js/jquery.easing.min.js]
[jackmcdade.com/email/bootstrap/js/jquery.fittext.js]
[jackmcdade.com/email/bootstrap/js/wow.min.js]
[jackmcdade.com/email/bootstrap/index.html]
[jackmcdade.com/email/bootstrap/js/creative.js]
[jackmcdade.com/email/bootstrap/fonts/glyphicons-halflings-regular.eot]
[jackmcdade.com/email/bootstrap/fonts/glyphicons-halflings-regulard41d-.eot]
[jackmcdade.com/email/bootstrap/fonts/glyphicons-halflings-regular.woff2]
[jackmcdade.com/email/bootstrap/fonts/glyphicons-halflings-regular.woff]
[jackmcdade.com/email/bootstrap/fonts/glyphicons-halflings-regular.ttf]
[jackmcdade.com/email/bootstrap/css/bootstrap.min.css]
[jackmcdade.com/email/bootstrap/fonts/glyphicons-halflings-regular.svg]
[jackmcdade.com/email/bootstrap/font-awesome/fonts/fontawesome-webfonte0a5-v=4.3.0.eot]
[jackmcdade.com/email/bootstrap/font-awesome/fonts/fontawesome-webfontd41d-.eot]
[jackmcdade.com/email/bootstrap/font-awesome/fonts/fontawesome-webfonte0a5-v=4.3.0.woff2]
[jackmcdade.com/email/bootstrap/font-awesome/fonts/fontawesome-webfonte0a5-v=4.3.0.woff]
[jackmcdade.com/email/bootstrap/font-awesome/fonts/fontawesome-webfonte0a5-v=4.3.0.ttf]
[jackmcdade.com/email/bootstrap/font-awesome/css/font-awesome.min.css]
[jackmcdade.com/email/bootstrap/css/animate.min.css]
[jackmcdade.com/email/bootstrap/img/header.jpg]
[jackmcdade.com/email/bootstrap/css/creative.css]
[jackmcdade.com/email/bootstrap/fonts/glyphicons-halflings-regular.svg]
[jackmcdade.com/email/bootstrap/font-awesome/fonts/fontawesome-webfonte0a5-v=4.3.0.svg]
[jackmcdade.com/email/bootstrap/font-awesome/fonts/fontawesome-webfonte0a5-v=4.3.0.svg]
